// Jest Snapshot v1, https://goo.gl/fbAQLP

exports[`<Clock /> when given minutes and seconds (TestRenderer) renders an h2 element 1`] = `
<h2
  className="Clock "
>
  Pozosta≈Ço 
  10
  :
  20
</h2>
`;
